// Jest Snapshot v1, https://goo.gl/fbAQLP

exports[`should be structurally sound 1`] = `
<vime-mute-control>
  <vime-control keys="m" label="Mute">
    <vime-icon href="#vime-volume-high"></vime-icon>
    <vime-tooltip position="top">
      Mute (m)
    </vime-tooltip>
  </vime-control>
</vime-mute-control>
`;
